// Jest Snapshot v1, https://goo.gl/fbAQLP

exports[`<FileTree /> renders correctly 1`] = `
<div
  class="neo-folder-tree-container row"
>
  <div
    class="col-lg-3"
  >
    <div
      class="tree"
    >
      <ul>
        <li>
          <span
            style="display: inline-block; width: 10px; min-width: 15px;"
          >
            <a>
              <svg
                aria-hidden="true"
                class="svg-inline--fa fa-angle-down "
                data-icon="angle-down"
                data-prefix="fas"
                focusable="false"
                role="img"
                viewBox="0 0 384 512"
                xmlns="http://www.w3.org/2000/svg"
              >
                <path
                  d="M192 384c-8.188 0-16.38-3.125-22.62-9.375l-160-160c-12.5-12.5-12.5-32.75 0-45.25s32.75-12.5 45.25 0L192 306.8l137.4-137.4c12.5-12.5 32.75-12.5 45.25 0s12.5 32.75 0 45.25l-160 160C208.4 380.9 200.2 384 192 384z"
                  fill="currentColor"
                />
              </svg>
            </a>
          </span>
          <span
            class="actions-trigger"
          >
            <a>
              <span
                role="button"
                tabindex="0"
              >
                <input
                  autocomplete="off"
                  multiple=""
                  style="display: none;"
                  tabindex="-1"
                  type="file"
                />
                <span
                  style="font-weight: normal;"
                >
                  <span
                    style="min-width: 20px; display: inline-block;"
                  >
                    <svg
                      aria-hidden="true"
                      class="svg-inline--fa fa-folder-open "
                      data-icon="folder-open"
                      data-prefix="fas"
                      focusable="false"
                      role="img"
                      viewBox="0 0 576 512"
                      xmlns="http://www.w3.org/2000/svg"
                    >
                      <path
                        d="M147.8 192H480V144C480 117.5 458.5 96 432 96h-160l-64-64h-160C21.49 32 0 53.49 0 80v328.4l90.54-181.1C101.4 205.6 123.4 192 147.8 192zM543.1 224H147.8C135.7 224 124.6 230.8 119.2 241.7L0 480h447.1c12.12 0 23.2-6.852 28.62-17.69l96-192C583.2 249 567.7 224 543.1 224z"
                        fill="currentColor"
                      />
                    </svg>
                  </span>
                  folder 1
                </span>
              </span>
            </a>
            <span
              class="actions ml-2"
            >
              <a
                class="pl-1"
              >
                <svg
                  aria-hidden="true"
                  class="svg-inline--fa fa-upload "
                  data-icon="upload"
                  data-prefix="fas"
                  focusable="false"
                  role="img"
                  viewBox="0 0 512 512"
                  xmlns="http://www.w3.org/2000/svg"
                >
                  <path
                    d="M105.4 182.6c12.5 12.49 32.76 12.5 45.25 .001L224 109.3V352c0 17.67 14.33 32 32 32c17.67 0 32-14.33 32-32V109.3l73.38 73.38c12.49 12.49 32.75 12.49 45.25-.001c12.49-12.49 12.49-32.75 0-45.25l-128-128C272.4 3.125 264.2 0 256 0S239.6 3.125 233.4 9.375L105.4 137.4C92.88 149.9 92.88 170.1 105.4 182.6zM480 352h-160c0 35.35-28.65 64-64 64s-64-28.65-64-64H32c-17.67 0-32 14.33-32 32v96c0 17.67 14.33 32 32 32h448c17.67 0 32-14.33 32-32v-96C512 366.3 497.7 352 480 352zM432 456c-13.2 0-24-10.8-24-24c0-13.2 10.8-24 24-24s24 10.8 24 24C456 445.2 445.2 456 432 456z"
                    fill="currentColor"
                  />
                </svg>
              </a>
              <a
                class="pl-1"
              >
                <svg
                  aria-hidden="true"
                  class="svg-inline--fa fa-plus "
                  data-icon="plus"
                  data-prefix="fas"
                  focusable="false"
                  role="img"
                  viewBox="0 0 448 512"
                  xmlns="http://www.w3.org/2000/svg"
                >
                  <path
                    d="M432 256c0 17.69-14.33 32.01-32 32.01H256v144c0 17.69-14.33 31.99-32 31.99s-32-14.3-32-31.99v-144H48c-17.67 0-32-14.32-32-32.01s14.33-31.99 32-31.99H192v-144c0-17.69 14.33-32.01 32-32.01s32 14.32 32 32.01v144h144C417.7 224 432 238.3 432 256z"
                    fill="currentColor"
                  />
                </svg>
              </a>
              <a
                class="pl-1"
              >
                <svg
                  aria-hidden="true"
                  class="svg-inline--fa fa-pen-to-square "
                  data-icon="pen-to-square"
                  data-prefix="fas"
                  focusable="false"
                  role="img"
                  viewBox="0 0 512 512"
                  xmlns="http://www.w3.org/2000/svg"
                >
                  <path
                    d="M490.3 40.4C512.2 62.27 512.2 97.73 490.3 119.6L460.3 149.7L362.3 51.72L392.4 21.66C414.3-.2135 449.7-.2135 471.6 21.66L490.3 40.4zM172.4 241.7L339.7 74.34L437.7 172.3L270.3 339.6C264.2 345.8 256.7 350.4 248.4 353.2L159.6 382.8C150.1 385.6 141.5 383.4 135 376.1C128.6 370.5 126.4 361 129.2 352.4L158.8 263.6C161.6 255.3 166.2 247.8 172.4 241.7V241.7zM192 63.1C209.7 63.1 224 78.33 224 95.1C224 113.7 209.7 127.1 192 127.1H96C78.33 127.1 64 142.3 64 159.1V416C64 433.7 78.33 448 96 448H352C369.7 448 384 433.7 384 416V319.1C384 302.3 398.3 287.1 416 287.1C433.7 287.1 448 302.3 448 319.1V416C448 469 405 512 352 512H96C42.98 512 0 469 0 416V159.1C0 106.1 42.98 63.1 96 63.1H192z"
                    fill="currentColor"
                  />
                </svg>
              </a>
              <a
                class="pl-1"
              >
                <svg
                  aria-hidden="true"
                  class="svg-inline--fa fa-trash "
                  data-icon="trash"
                  data-prefix="fas"
                  focusable="false"
                  role="img"
                  viewBox="0 0 448 512"
                  xmlns="http://www.w3.org/2000/svg"
                >
                  <path
                    d="M135.2 17.69C140.6 6.848 151.7 0 163.8 0H284.2C296.3 0 307.4 6.848 312.8 17.69L320 32H416C433.7 32 448 46.33 448 64C448 81.67 433.7 96 416 96H32C14.33 96 0 81.67 0 64C0 46.33 14.33 32 32 32H128L135.2 17.69zM394.8 466.1C393.2 492.3 372.3 512 346.9 512H101.1C75.75 512 54.77 492.3 53.19 466.1L31.1 128H416L394.8 466.1z"
                    fill="currentColor"
                  />
                </svg>
              </a>
            </span>
          </span>
          <ul>
            <li>
              <span
                style="display: inline-block; width: 10px; min-width: 15px;"
              />
              <span
                class="actions-trigger"
              >
                <a>
                  <span
                    role="button"
                    tabindex="0"
                  >
                    <input
                      autocomplete="off"
                      multiple=""
                      style="display: none;"
                      tabindex="-1"
                      type="file"
                    />
                    <span
                      style="font-weight: normal;"
                    >
                      <span
                        style="min-width: 20px; display: inline-block;"
                      >
                        <svg
                          aria-hidden="true"
                          class="svg-inline--fa fa-folder "
                          data-icon="folder"
                          data-prefix="fas"
                          focusable="false"
                          role="img"
                          viewBox="0 0 512 512"
                          xmlns="http://www.w3.org/2000/svg"
                        >
                          <path
                            d="M512 144v288c0 26.5-21.5 48-48 48h-416C21.5 480 0 458.5 0 432v-352C0 53.5 21.5 32 48 32h160l64 64h192C490.5 96 512 117.5 512 144z"
                            fill="currentColor"
                          />
                        </svg>
                      </span>
                      folder 1.1
                    </span>
                  </span>
                </a>
                <span
                  class="actions ml-2"
                >
                  <a
                    class="pl-1"
                  >
                    <svg
                      aria-hidden="true"
                      class="svg-inline--fa fa-upload "
                      data-icon="upload"
                      data-prefix="fas"
                      focusable="false"
                      role="img"
                      viewBox="0 0 512 512"
                      xmlns="http://www.w3.org/2000/svg"
                    >
                      <path
                        d="M105.4 182.6c12.5 12.49 32.76 12.5 45.25 .001L224 109.3V352c0 17.67 14.33 32 32 32c17.67 0 32-14.33 32-32V109.3l73.38 73.38c12.49 12.49 32.75 12.49 45.25-.001c12.49-12.49 12.49-32.75 0-45.25l-128-128C272.4 3.125 264.2 0 256 0S239.6 3.125 233.4 9.375L105.4 137.4C92.88 149.9 92.88 170.1 105.4 182.6zM480 352h-160c0 35.35-28.65 64-64 64s-64-28.65-64-64H32c-17.67 0-32 14.33-32 32v96c0 17.67 14.33 32 32 32h448c17.67 0 32-14.33 32-32v-96C512 366.3 497.7 352 480 352zM432 456c-13.2 0-24-10.8-24-24c0-13.2 10.8-24 24-24s24 10.8 24 24C456 445.2 445.2 456 432 456z"
                        fill="currentColor"
                      />
                    </svg>
                  </a>
                  <a
                    class="pl-1"
                  >
                    <svg
                      aria-hidden="true"
                      class="svg-inline--fa fa-plus "
                      data-icon="plus"
                      data-prefix="fas"
                      focusable="false"
                      role="img"
                      viewBox="0 0 448 512"
                      xmlns="http://www.w3.org/2000/svg"
                    >
                      <path
                        d="M432 256c0 17.69-14.33 32.01-32 32.01H256v144c0 17.69-14.33 31.99-32 31.99s-32-14.3-32-31.99v-144H48c-17.67 0-32-14.32-32-32.01s14.33-31.99 32-31.99H192v-144c0-17.69 14.33-32.01 32-32.01s32 14.32 32 32.01v144h144C417.7 224 432 238.3 432 256z"
                        fill="currentColor"
                      />
                    </svg>
                  </a>
                  <a
                    class="pl-1"
                  >
                    <svg
                      aria-hidden="true"
                      class="svg-inline--fa fa-pen-to-square "
                      data-icon="pen-to-square"
                      data-prefix="fas"
                      focusable="false"
                      role="img"
                      viewBox="0 0 512 512"
                      xmlns="http://www.w3.org/2000/svg"
                    >
                      <path
                        d="M490.3 40.4C512.2 62.27 512.2 97.73 490.3 119.6L460.3 149.7L362.3 51.72L392.4 21.66C414.3-.2135 449.7-.2135 471.6 21.66L490.3 40.4zM172.4 241.7L339.7 74.34L437.7 172.3L270.3 339.6C264.2 345.8 256.7 350.4 248.4 353.2L159.6 382.8C150.1 385.6 141.5 383.4 135 376.1C128.6 370.5 126.4 361 129.2 352.4L158.8 263.6C161.6 255.3 166.2 247.8 172.4 241.7V241.7zM192 63.1C209.7 63.1 224 78.33 224 95.1C224 113.7 209.7 127.1 192 127.1H96C78.33 127.1 64 142.3 64 159.1V416C64 433.7 78.33 448 96 448H352C369.7 448 384 433.7 384 416V319.1C384 302.3 398.3 287.1 416 287.1C433.7 287.1 448 302.3 448 319.1V416C448 469 405 512 352 512H96C42.98 512 0 469 0 416V159.1C0 106.1 42.98 63.1 96 63.1H192z"
                        fill="currentColor"
                      />
                    </svg>
                  </a>
                  <a
                    class="pl-1"
                  >
                    <svg
                      aria-hidden="true"
                      class="svg-inline--fa fa-trash "
                      data-icon="trash"
                      data-prefix="fas"
                      focusable="false"
                      role="img"
                      viewBox="0 0 448 512"
                      xmlns="http://www.w3.org/2000/svg"
                    >
                      <path
                        d="M135.2 17.69C140.6 6.848 151.7 0 163.8 0H284.2C296.3 0 307.4 6.848 312.8 17.69L320 32H416C433.7 32 448 46.33 448 64C448 81.67 433.7 96 416 96H32C14.33 96 0 81.67 0 64C0 46.33 14.33 32 32 32H128L135.2 17.69zM394.8 466.1C393.2 492.3 372.3 512 346.9 512H101.1C75.75 512 54.77 492.3 53.19 466.1L31.1 128H416L394.8 466.1z"
                        fill="currentColor"
                      />
                    </svg>
                  </a>
                </span>
              </span>
            </li>
          </ul>
        </li>
        <li>
          <span
            style="display: inline-block; width: 10px; min-width: 15px;"
          >
            <a>
              <svg
                aria-hidden="true"
                class="svg-inline--fa fa-angle-down "
                data-icon="angle-down"
                data-prefix="fas"
                focusable="false"
                role="img"
                viewBox="0 0 384 512"
                xmlns="http://www.w3.org/2000/svg"
              >
                <path
                  d="M192 384c-8.188 0-16.38-3.125-22.62-9.375l-160-160c-12.5-12.5-12.5-32.75 0-45.25s32.75-12.5 45.25 0L192 306.8l137.4-137.4c12.5-12.5 32.75-12.5 45.25 0s12.5 32.75 0 45.25l-160 160C208.4 380.9 200.2 384 192 384z"
                  fill="currentColor"
                />
              </svg>
            </a>
          </span>
          <span
            class="actions-trigger"
          >
            <a>
              <span
                role="button"
                tabindex="0"
              >
                <input
                  autocomplete="off"
                  multiple=""
                  style="display: none;"
                  tabindex="-1"
                  type="file"
                />
                <span
                  style="font-weight: normal;"
                >
                  <span
                    style="min-width: 20px; display: inline-block;"
                  >
                    <svg
                      aria-hidden="true"
                      class="svg-inline--fa fa-folder-open "
                      data-icon="folder-open"
                      data-prefix="fas"
                      focusable="false"
                      role="img"
                      viewBox="0 0 576 512"
                      xmlns="http://www.w3.org/2000/svg"
                    >
                      <path
                        d="M147.8 192H480V144C480 117.5 458.5 96 432 96h-160l-64-64h-160C21.49 32 0 53.49 0 80v328.4l90.54-181.1C101.4 205.6 123.4 192 147.8 192zM543.1 224H147.8C135.7 224 124.6 230.8 119.2 241.7L0 480h447.1c12.12 0 23.2-6.852 28.62-17.69l96-192C583.2 249 567.7 224 543.1 224z"
                        fill="currentColor"
                      />
                    </svg>
                  </span>
                  folder 2
                </span>
              </span>
            </a>
            <span
              class="actions ml-2"
            >
              <a
                class="pl-1"
              >
                <svg
                  aria-hidden="true"
                  class="svg-inline--fa fa-upload "
                  data-icon="upload"
                  data-prefix="fas"
                  focusable="false"
                  role="img"
                  viewBox="0 0 512 512"
                  xmlns="http://www.w3.org/2000/svg"
                >
                  <path
                    d="M105.4 182.6c12.5 12.49 32.76 12.5 45.25 .001L224 109.3V352c0 17.67 14.33 32 32 32c17.67 0 32-14.33 32-32V109.3l73.38 73.38c12.49 12.49 32.75 12.49 45.25-.001c12.49-12.49 12.49-32.75 0-45.25l-128-128C272.4 3.125 264.2 0 256 0S239.6 3.125 233.4 9.375L105.4 137.4C92.88 149.9 92.88 170.1 105.4 182.6zM480 352h-160c0 35.35-28.65 64-64 64s-64-28.65-64-64H32c-17.67 0-32 14.33-32 32v96c0 17.67 14.33 32 32 32h448c17.67 0 32-14.33 32-32v-96C512 366.3 497.7 352 480 352zM432 456c-13.2 0-24-10.8-24-24c0-13.2 10.8-24 24-24s24 10.8 24 24C456 445.2 445.2 456 432 456z"
                    fill="currentColor"
                  />
                </svg>
              </a>
              <a
                class="pl-1"
              >
                <svg
                  aria-hidden="true"
                  class="svg-inline--fa fa-plus "
                  data-icon="plus"
                  data-prefix="fas"
                  focusable="false"
                  role="img"
                  viewBox="0 0 448 512"
                  xmlns="http://www.w3.org/2000/svg"
                >
                  <path
                    d="M432 256c0 17.69-14.33 32.01-32 32.01H256v144c0 17.69-14.33 31.99-32 31.99s-32-14.3-32-31.99v-144H48c-17.67 0-32-14.32-32-32.01s14.33-31.99 32-31.99H192v-144c0-17.69 14.33-32.01 32-32.01s32 14.32 32 32.01v144h144C417.7 224 432 238.3 432 256z"
                    fill="currentColor"
                  />
                </svg>
              </a>
              <a
                class="pl-1"
              >
                <svg
                  aria-hidden="true"
                  class="svg-inline--fa fa-pen-to-square "
                  data-icon="pen-to-square"
                  data-prefix="fas"
                  focusable="false"
                  role="img"
                  viewBox="0 0 512 512"
                  xmlns="http://www.w3.org/2000/svg"
                >
                  <path
                    d="M490.3 40.4C512.2 62.27 512.2 97.73 490.3 119.6L460.3 149.7L362.3 51.72L392.4 21.66C414.3-.2135 449.7-.2135 471.6 21.66L490.3 40.4zM172.4 241.7L339.7 74.34L437.7 172.3L270.3 339.6C264.2 345.8 256.7 350.4 248.4 353.2L159.6 382.8C150.1 385.6 141.5 383.4 135 376.1C128.6 370.5 126.4 361 129.2 352.4L158.8 263.6C161.6 255.3 166.2 247.8 172.4 241.7V241.7zM192 63.1C209.7 63.1 224 78.33 224 95.1C224 113.7 209.7 127.1 192 127.1H96C78.33 127.1 64 142.3 64 159.1V416C64 433.7 78.33 448 96 448H352C369.7 448 384 433.7 384 416V319.1C384 302.3 398.3 287.1 416 287.1C433.7 287.1 448 302.3 448 319.1V416C448 469 405 512 352 512H96C42.98 512 0 469 0 416V159.1C0 106.1 42.98 63.1 96 63.1H192z"
                    fill="currentColor"
                  />
                </svg>
              </a>
              <a
                class="pl-1"
              >
                <svg
                  aria-hidden="true"
                  class="svg-inline--fa fa-trash "
                  data-icon="trash"
                  data-prefix="fas"
                  focusable="false"
                  role="img"
                  viewBox="0 0 448 512"
                  xmlns="http://www.w3.org/2000/svg"
                >
                  <path
                    d="M135.2 17.69C140.6 6.848 151.7 0 163.8 0H284.2C296.3 0 307.4 6.848 312.8 17.69L320 32H416C433.7 32 448 46.33 448 64C448 81.67 433.7 96 416 96H32C14.33 96 0 81.67 0 64C0 46.33 14.33 32 32 32H128L135.2 17.69zM394.8 466.1C393.2 492.3 372.3 512 346.9 512H101.1C75.75 512 54.77 492.3 53.19 466.1L31.1 128H416L394.8 466.1z"
                    fill="currentColor"
                  />
                </svg>
              </a>
            </span>
          </span>
          <ul>
            <li>
              <span
                style="display: inline-block; width: 10px; min-width: 15px;"
              />
              <span
                class="actions-trigger"
              >
                <a>
                  <span
                    role="button"
                    tabindex="0"
                  >
                    <input
                      autocomplete="off"
                      multiple=""
                      style="display: none;"
                      tabindex="-1"
                      type="file"
                    />
                    <span
                      style="font-weight: normal;"
                    >
                      <span
                        style="min-width: 20px; display: inline-block;"
                      >
                        <svg
                          aria-hidden="true"
                          class="svg-inline--fa fa-folder "
                          data-icon="folder"
                          data-prefix="fas"
                          focusable="false"
                          role="img"
                          viewBox="0 0 512 512"
                          xmlns="http://www.w3.org/2000/svg"
                        >
                          <path
                            d="M512 144v288c0 26.5-21.5 48-48 48h-416C21.5 480 0 458.5 0 432v-352C0 53.5 21.5 32 48 32h160l64 64h192C490.5 96 512 117.5 512 144z"
                            fill="currentColor"
                          />
                        </svg>
                      </span>
                      folder 2.1
                    </span>
                  </span>
                </a>
                <span
                  class="actions ml-2"
                >
                  <a
                    class="pl-1"
                  >
                    <svg
                      aria-hidden="true"
                      class="svg-inline--fa fa-upload "
                      data-icon="upload"
                      data-prefix="fas"
                      focusable="false"
                      role="img"
                      viewBox="0 0 512 512"
                      xmlns="http://www.w3.org/2000/svg"
                    >
                      <path
                        d="M105.4 182.6c12.5 12.49 32.76 12.5 45.25 .001L224 109.3V352c0 17.67 14.33 32 32 32c17.67 0 32-14.33 32-32V109.3l73.38 73.38c12.49 12.49 32.75 12.49 45.25-.001c12.49-12.49 12.49-32.75 0-45.25l-128-128C272.4 3.125 264.2 0 256 0S239.6 3.125 233.4 9.375L105.4 137.4C92.88 149.9 92.88 170.1 105.4 182.6zM480 352h-160c0 35.35-28.65 64-64 64s-64-28.65-64-64H32c-17.67 0-32 14.33-32 32v96c0 17.67 14.33 32 32 32h448c17.67 0 32-14.33 32-32v-96C512 366.3 497.7 352 480 352zM432 456c-13.2 0-24-10.8-24-24c0-13.2 10.8-24 24-24s24 10.8 24 24C456 445.2 445.2 456 432 456z"
                        fill="currentColor"
                      />
                    </svg>
                  </a>
                  <a
                    class="pl-1"
                  >
                    <svg
                      aria-hidden="true"
                      class="svg-inline--fa fa-plus "
                      data-icon="plus"
                      data-prefix="fas"
                      focusable="false"
                      role="img"
                      viewBox="0 0 448 512"
                      xmlns="http://www.w3.org/2000/svg"
                    >
                      <path
                        d="M432 256c0 17.69-14.33 32.01-32 32.01H256v144c0 17.69-14.33 31.99-32 31.99s-32-14.3-32-31.99v-144H48c-17.67 0-32-14.32-32-32.01s14.33-31.99 32-31.99H192v-144c0-17.69 14.33-32.01 32-32.01s32 14.32 32 32.01v144h144C417.7 224 432 238.3 432 256z"
                        fill="currentColor"
                      />
                    </svg>
                  </a>
                  <a
                    class="pl-1"
                  >
                    <svg
                      aria-hidden="true"
                      class="svg-inline--fa fa-pen-to-square "
                      data-icon="pen-to-square"
                      data-prefix="fas"
                      focusable="false"
                      role="img"
                      viewBox="0 0 512 512"
                      xmlns="http://www.w3.org/2000/svg"
                    >
                      <path
                        d="M490.3 40.4C512.2 62.27 512.2 97.73 490.3 119.6L460.3 149.7L362.3 51.72L392.4 21.66C414.3-.2135 449.7-.2135 471.6 21.66L490.3 40.4zM172.4 241.7L339.7 74.34L437.7 172.3L270.3 339.6C264.2 345.8 256.7 350.4 248.4 353.2L159.6 382.8C150.1 385.6 141.5 383.4 135 376.1C128.6 370.5 126.4 361 129.2 352.4L158.8 263.6C161.6 255.3 166.2 247.8 172.4 241.7V241.7zM192 63.1C209.7 63.1 224 78.33 224 95.1C224 113.7 209.7 127.1 192 127.1H96C78.33 127.1 64 142.3 64 159.1V416C64 433.7 78.33 448 96 448H352C369.7 448 384 433.7 384 416V319.1C384 302.3 398.3 287.1 416 287.1C433.7 287.1 448 302.3 448 319.1V416C448 469 405 512 352 512H96C42.98 512 0 469 0 416V159.1C0 106.1 42.98 63.1 96 63.1H192z"
                        fill="currentColor"
                      />
                    </svg>
                  </a>
                  <a
                    class="pl-1"
                  >
                    <svg
                      aria-hidden="true"
                      class="svg-inline--fa fa-trash "
                      data-icon="trash"
                      data-prefix="fas"
                      focusable="false"
                      role="img"
                      viewBox="0 0 448 512"
                      xmlns="http://www.w3.org/2000/svg"
                    >
                      <path
                        d="M135.2 17.69C140.6 6.848 151.7 0 163.8 0H284.2C296.3 0 307.4 6.848 312.8 17.69L320 32H416C433.7 32 448 46.33 448 64C448 81.67 433.7 96 416 96H32C14.33 96 0 81.67 0 64C0 46.33 14.33 32 32 32H128L135.2 17.69zM394.8 466.1C393.2 492.3 372.3 512 346.9 512H101.1C75.75 512 54.77 492.3 53.19 466.1L31.1 128H416L394.8 466.1z"
                        fill="currentColor"
                      />
                    </svg>
                  </a>
                </span>
              </span>
            </li>
          </ul>
        </li>
      </ul>
    </div>
    <a>
      <svg
        aria-hidden="true"
        class="svg-inline--fa fa-plus "
        data-icon="plus"
        data-prefix="fas"
        focusable="false"
        role="img"
        viewBox="0 0 448 512"
        xmlns="http://www.w3.org/2000/svg"
      >
        <path
          d="M432 256c0 17.69-14.33 32.01-32 32.01H256v144c0 17.69-14.33 31.99-32 31.99s-32-14.3-32-31.99v-144H48c-17.67 0-32-14.32-32-32.01s14.33-31.99 32-31.99H192v-144c0-17.69 14.33-32.01 32-32.01s32 14.32 32 32.01v144h144C417.7 224 432 238.3 432 256z"
          fill="currentColor"
        />
      </svg>
       
      Add folder
    </a>
  </div>
  <div
    class="col-lg-9"
  />
</div>
`;
